[36mvite v6.4.1 [32mbuilding for production...[36m[39m
transforming...
[32mΓ£ô[39m 2527 modules transformed.
rendering chunks...
computing gzip size...
[2m../dist/[22m[32mindex.html                                   [39m[1m[2m  1.26 kB[22m[1m[22m[2m Γöé gzip:   0.57 kB[22m
[2m../dist/[22m[32massets/logo_draft_modern-u4WitXVO.png        [39m[1m[2m452.30 kB[22m[1m[22m
[2m../dist/[22m[35massets/index-BSmtFT9h.css                    [39m[1m[2m 86.33 kB[22m[1m[22m[2m Γöé gzip:  13.99 kB[22m
[2m../dist/[22m[36massets/index-B2yWaz3a.js                     [39m[1m[2m  0.07 kB[22m[1m[22m[2m Γöé gzip:   0.09 kB[22m
[2m../dist/[22m[36massets/InsightSection-DLrJs9FC.js            [39m[1m[2m  0.42 kB[22m[1m[22m[2m Γöé gzip:   0.31 kB[22m
[2m../dist/[22m[36massets/themes-D8ndN6qd.js                    [39m[1m[2m  0.51 kB[22m[1m[22m[2m Γöé gzip:   0.25 kB[22m
[2m../dist/[22m[36massets/ImportPage-Dskqfanp.js                [39m[1m[2m  0.81 kB[22m[1m[22m[2m Γöé gzip:   0.47 kB[22m
[2m../dist/[22m[36massets/index-xoq6WR8v.js                     [39m[1m[2m  0.94 kB[22m[1m[22m[2m Γöé gzip:   0.57 kB[22m
[2m../dist/[22m[36massets/ThemeToggle-GoSwn7Tx.js               [39m[1m[2m  1.02 kB[22m[1m[22m[2m Γöé gzip:   0.59 kB[22m
[2m../dist/[22m[36massets/Button-DMxBzV-y.js                    [39m[1m[2m  1.35 kB[22m[1m[22m[2m Γöé gzip:   0.71 kB[22m
[2m../dist/[22m[36massets/GameReadinessPanel-CRehOp6O.js        [39m[1m[2m  1.97 kB[22m[1m[22m[2m Γöé gzip:   0.77 kB[22m
[2m../dist/[22m[36massets/GameSchedulingPage-B899dxdw.js        [39m[1m[2m  3.04 kB[22m[1m[22m[2m Γöé gzip:   1.25 kB[22m
[2m../dist/[22m[36massets/DataValidationPanel-B8kiIrIw.js       [39m[1m[2m  3.22 kB[22m[1m[22m[2m Γöé gzip:   1.14 kB[22m
[2m../dist/[22m[36massets/Login-CfiQtDg-.js                     [39m[1m[2m  4.11 kB[22m[1m[22m[2m Γöé gzip:   1.52 kB[22m
[2m../dist/[22m[36massets/PracticeSchedulingPage-DNIgE69h.js    [39m[1m[2m  5.68 kB[22m[1m[22m[2m Γöé gzip:   2.02 kB[22m
[2m../dist/[22m[36massets/PracticeReadinessPanel-YRwVGQDt.js    [39m[1m[2m  5.69 kB[22m[1m[22m[2m Γöé gzip:   1.61 kB[22m
[2m../dist/[22m[36massets/AdminComplianceDashboard-D62L3deK.js  [39m[1m[2m  6.64 kB[22m[1m[22m[2m Γöé gzip:   2.15 kB[22m
[2m../dist/[22m[36massets/LeagueStandings-DI1xnjDC.js           [39m[1m[2m  7.33 kB[22m[1m[22m[2m Γöé gzip:   2.15 kB[22m
[2m../dist/[22m[36massets/ImportPanel-BMGy9Krp.js               [39m[1m[2m  9.34 kB[22m[1m[22m[2m Γöé gzip:   3.00 kB[22m
[2m../dist/[22m[36massets/useDashboardData-SLxH3lVL.js          [39m[1m[2m  9.88 kB[22m[1m[22m[2m Γöé gzip:   3.48 kB[22m
[2m../dist/[22m[36massets/RegistrationFlow-CapvfaS6.js          [39m[1m[2m  9.94 kB[22m[1m[22m[2m Γöé gzip:   3.08 kB[22m
[2m../dist/[22m[36massets/FieldManagementPage-DbF7PoPB.js       [39m[1m[2m 11.30 kB[22m[1m[22m[2m Γöé gzip:   3.14 kB[22m
[2m../dist/[22m[36massets/react-vendor-DbAvZM3X.js              [39m[1m[2m 12.29 kB[22m[1m[22m[2m Γöé gzip:   4.37 kB[22m
[2m../dist/[22m[36massets/TeamPortalPage-Dwyv6WyD.js            [39m[1m[2m 13.93 kB[22m[1m[22m[2m Γöé gzip:   4.55 kB[22m
[2m../dist/[22m[36massets/useTeamPersistence-BJLv3SnO.js        [39m[1m[2m 14.39 kB[22m[1m[22m[2m Γöé gzip:   4.98 kB[22m
[2m../dist/[22m[36massets/SettingsPage-D5lk-_Hq.js              [39m[1m[2m 16.58 kB[22m[1m[22m[2m Γöé gzip:   3.65 kB[22m
[2m../dist/[22m[36massets/lucide-vendor-CBNgLtLU.js             [39m[1m[2m 23.76 kB[22m[1m[22m[2m Γöé gzip:   5.33 kB[22m
[2m../dist/[22m[36massets/DashboardPage-0j8Hz8fa.js             [39m[1m[2m 24.09 kB[22m[1m[22m[2m Γöé gzip:   7.42 kB[22m
[2m../dist/[22m[36massets/TeamAnalysisPage-CoZ91C0P.js          [39m[1m[2m 68.07 kB[22m[1m[22m[2m Γöé gzip:  22.16 kB[22m
[2m../dist/[22m[36massets/supabase-vendor-BjMLLnek.js           [39m[1m[2m191.92 kB[22m[1m[22m[2m Γöé gzip:  49.93 kB[22m
[2m../dist/[22m[36massets/index-BJuGf4FI.js                     [39m[1m[2m263.20 kB[22m[1m[22m[2m Γöé gzip:  85.26 kB[22m
[2m../dist/[22m[36massets/AdminReportingDashboard-CkrfdYqX.js   [39m[1m[2m384.42 kB[22m[1m[22m[2m Γöé gzip: 113.87 kB[22m
[32mΓ£ô built in 6.92s[39m
