[dotenv@17.2.3] injecting env (4) from .env -- tip: Γ£à audit secrets and track compliance: https://dotenvx.com/ops
[WebServer] [baseline-browser-mapping] The data in this module is over two months old.  To ensure accurate Baseline data, please update: `npm i baseline-browser-mapping@latest -D`

Running 6 tests using 6 workers

[dotenv@17.2.3] injecting env (0) from .env -- tip: ΓÜÖ∩╕Å  override existing env vars with { override: true }
[dotenv@17.2.3] injecting env (0) from .env -- tip: ΓÜÖ∩╕Å  load multiple .env files with { path: ['.env.local', '.env'] }
[dotenv@17.2.3] injecting env (0) from .env -- tip: ΓÜÖ∩╕Å  specify custom .env file path with { path: '/custom/path/.env' }
[dotenv@17.2.3] injecting env (0) from .env -- tip: ≡ƒöÉ prevent committing .env to code: https://dotenvx.com/precommit
[dotenv@17.2.3] injecting env (0) from .env -- tip: Γ£à audit secrets and track compliance: https://dotenvx.com/ops
[dotenv@17.2.3] injecting env (0) from .env -- tip: ≡ƒöæ add access controls to secrets: https://dotenvx.com/ops
[DEBUG][auth_setup] rawRole="admin", cleanRole="admin", email="admin@squadlogic.app"
[DEBUG][auth_setup] rawRole="admin", cleanRole="admin", email="admin@squadlogic.app"
[DEBUG][auth_setup] rawRole="admin", cleanRole="admin", email="admin@squadlogic.app"
[DEBUG][auth_setup] rawRole="admin", cleanRole="admin", email="admin@squadlogic.app"
[DEBUG][auth_setup] rawRole="admin", cleanRole="admin", email="admin@squadlogic.app"
[DEBUG][auth_setup] rawRole="admin", cleanRole="admin", email="admin@squadlogic.app"
[BROWSER LOG] [log] [DEBUG] [Mock Supabase] DB Initialized. Tables: organizations(1), profiles(3), organization_members(2), season_settings(1), divisions(2), teams(3), team_players(2), players(2), profile_players(2), practice_slots(1), practice_assignments(1), event_rsvps(1), locations(1), fields(1), games(2), player_registrations(2), registration_forms(1), scheduler_runs(3), registrations(1), team_summaries(1), imports(1), view_league_standings(2), view_org_metrics(1), view_compliance_stats(1)
Skipping isolated tenant setup due to missing Supabase credentials or mock mode.
[BROWSER LOG] [log] [DEBUG] [Mock Supabase] DB Initialized. Tables: organizations(1), profiles(3), organization_members(2), season_settings(1), divisions(2), teams(3), team_players(2), players(2), profile_players(2), practice_slots(1), practice_assignments(1), event_rsvps(1), locations(1), fields(1), games(2), player_registrations(2), registration_forms(1), scheduler_runs(3), registrations(1), team_summaries(1), imports(1), view_league_standings(2), view_org_metrics(1), view_compliance_stats(1)
Skipping isolated tenant setup due to missing Supabase credentials or mock mode.
[BROWSER LOG] [log] [DEBUG] [Mock Supabase] DB Initialized. Tables: organizations(1), profiles(3), organization_members(2), season_settings(1), divisions(2), teams(3), team_players(2), players(2), profile_players(2), practice_slots(1), practice_assignments(1), event_rsvps(1), locations(1), fields(1), games(2), player_registrations(2), registration_forms(1), scheduler_runs(3), registrations(1), team_summaries(1), imports(1), view_league_standings(2), view_org_metrics(1), view_compliance_stats(1)
[BROWSER LOG] [log] [DEBUG] [Mock Supabase] DB Initialized. Tables: organizations(1), profiles(3), organization_members(2), season_settings(1), divisions(2), teams(3), team_players(2), players(2), profile_players(2), practice_slots(1), practice_assignments(1), event_rsvps(1), locations(1), fields(1), games(2), player_registrations(2), registration_forms(1), scheduler_runs(3), registrations(1), team_summaries(1), imports(1), view_league_standings(2), view_org_metrics(1), view_compliance_stats(1)
Skipping isolated tenant setup due to missing Supabase credentials or mock mode.
[BROWSER LOG] [log] [DEBUG] [Mock Supabase] DB Initialized. Tables: organizations(1), profiles(3), organization_members(2), season_settings(1), divisions(2), teams(3), team_players(2), players(2), profile_players(2), practice_slots(1), practice_assignments(1), event_rsvps(1), locations(1), fields(1), games(2), player_registrations(2), registration_forms(1), scheduler_runs(3), registrations(1), team_summaries(1), imports(1), view_league_standings(2), view_org_metrics(1), view_compliance_stats(1)
Skipping isolated tenant setup due to missing Supabase credentials or mock mode.
[BROWSER LOG] [log] [DEBUG] [Mock Supabase] DB Initialized. Tables: organizations(2), profiles(3), organization_members(3), season_settings(2), divisions(2), teams(3), team_players(2), players(2), profile_players(2), practice_slots(1), practice_assignments(1), event_rsvps(1), locations(1), fields(1), games(2), player_registrations(2), registration_forms(1), scheduler_runs(3), registrations(1), team_summaries(1), imports(1), view_league_standings(2), view_org_metrics(1), view_compliance_stats(1)
[BROWSER LOG] [log] [DEBUG] [Mock Supabase] DB Initialized. Tables: organizations(1), profiles(3), organization_members(2), season_settings(1), divisions(2), teams(3), team_players(2), players(2), profile_players(2), practice_slots(1), practice_assignments(1), event_rsvps(1), locations(1), fields(1), games(2), player_registrations(2), registration_forms(1), scheduler_runs(3), registrations(1), team_summaries(1), imports(1), view_league_standings(2), view_org_metrics(1), view_compliance_stats(1)
[BROWSER LOG] [log] [DEBUG] [Mock Supabase] DB Initialized. Tables: organizations(2), profiles(3), organization_members(3), season_settings(2), divisions(2), teams(3), team_players(2), players(2), profile_players(2), practice_slots(1), practice_assignments(1), event_rsvps(1), locations(1), fields(1), games(2), player_registrations(2), registration_forms(1), scheduler_runs(3), registrations(1), team_summaries(1), imports(1), view_league_standings(2), view_org_metrics(1), view_compliance_stats(1)
Skipping isolated tenant setup due to missing Supabase credentials or mock mode.
Skipping isolated tenant setup due to missing Supabase credentials or mock mode.
[BROWSER LOG] [log] [DEBUG] [Mock Supabase] DB Initialized. Tables: organizations(2), profiles(3), organization_members(3), season_settings(2), divisions(2), teams(3), team_players(2), players(2), profile_players(2), practice_slots(1), practice_assignments(1), event_rsvps(1), locations(1), fields(1), games(2), player_registrations(2), registration_forms(1), scheduler_runs(3), registrations(1), team_summaries(1), imports(1), view_league_standings(2), view_org_metrics(1), view_compliance_stats(1)
[BROWSER LOG] [log] [DEBUG] [Mock Supabase] DB Initialized. Tables: organizations(2), profiles(3), organization_members(3), season_settings(2), divisions(2), teams(3), team_players(2), players(2), profile_players(2), practice_slots(1), practice_assignments(1), event_rsvps(1), locations(1), fields(1), games(2), player_registrations(2), registration_forms(1), scheduler_runs(3), registrations(1), team_summaries(1), imports(1), view_league_standings(2), view_org_metrics(1), view_compliance_stats(1)
[BROWSER LOG] [log] [DEBUG] [Mock Supabase] DB Initialized. Tables: organizations(2), profiles(3), organization_members(3), season_settings(2), divisions(2), teams(3), team_players(2), players(2), profile_players(2), practice_slots(1), practice_assignments(1), event_rsvps(1), locations(1), fields(1), games(2), player_registrations(2), registration_forms(1), scheduler_runs(3), registrations(1), team_summaries(1), imports(1), view_league_standings(2), view_org_metrics(1), view_compliance_stats(1)
[BROWSER LOG] [log] [DEBUG] [Mock Supabase] DB Initialized. Tables: organizations(2), profiles(3), organization_members(3), season_settings(2), divisions(2), teams(3), team_players(2), players(2), profile_players(2), practice_slots(1), practice_assignments(1), event_rsvps(1), locations(1), fields(1), games(2), player_registrations(2), registration_forms(1), scheduler_runs(3), registrations(1), team_summaries(1), imports(1), view_league_standings(2), view_org_metrics(1), view_compliance_stats(1)
[BROWSER LOG] [log] [DEBUG] [Mock Supabase] DB Initialized. Tables: organizations(2), profiles(3), organization_members(3), season_settings(2), divisions(2), teams(3), team_players(2), players(2), profile_players(2), practice_slots(1), practice_assignments(1), event_rsvps(1), locations(1), fields(1), games(2), player_registrations(2), registration_forms(1), scheduler_runs(3), registrations(1), team_summaries(1), imports(1), view_league_standings(2), view_org_metrics(1), view_compliance_stats(1)
[BROWSER LOG] [log] [DEBUG] [Mock Supabase] DB Initialized. Tables: organizations(2), profiles(3), organization_members(3), season_settings(2), divisions(2), teams(3), team_players(2), players(2), profile_players(2), practice_slots(1), practice_assignments(1), event_rsvps(1), locations(1), fields(1), games(2), player_registrations(2), registration_forms(1), scheduler_runs(3), registrations(1), team_summaries(1), imports(1), view_league_standings(2), view_org_metrics(1), view_compliance_stats(1)
[BROWSER LOG] [log] [DEBUG] [Mock Supabase] DB Initialized. Tables: organizations(2), profiles(3), organization_members(3), season_settings(2), divisions(2), teams(3), team_players(2), players(2), profile_players(2), practice_slots(1), practice_assignments(1), event_rsvps(1), locations(1), fields(1), games(2), player_registrations(2), registration_forms(1), scheduler_runs(3), registrations(1), team_summaries(1), imports(1), view_league_standings(2), view_org_metrics(1), view_compliance_stats(1)
[BROWSER LOG] [log] [DEBUG] [Mock Supabase] DB Initialized. Tables: organizations(2), profiles(5), organization_members(3), season_settings(2), divisions(2), teams(7), team_players(2), players(2), profile_players(2), practice_slots(3), practice_assignments(1), event_rsvps(1), locations(1), fields(3), games(2), player_registrations(2), registration_forms(1), scheduler_runs(4), registrations(1), team_summaries(1), imports(1), view_league_standings(2), view_org_metrics(1), view_compliance_stats(1), coach_constraints(1)
[BROWSER LOG] [log] [DEBUG] [Mock Supabase] DB Initialized. Tables: organizations(2), profiles(5), organization_members(3), season_settings(2), divisions(3), teams(3), team_players(2), players(100), profile_players(2), practice_slots(3), practice_assignments(1), event_rsvps(1), locations(1), fields(3), games(2), player_registrations(2), registration_forms(1), scheduler_runs(4), registrations(1), team_summaries(1), imports(1), view_league_standings(2), view_org_metrics(1), view_compliance_stats(1), coach_constraints(1)
[BROWSER LOG] [log] [DEBUG] [Mock Supabase] DB Initialized. Tables: organizations(2), profiles(3), organization_members(3), season_settings(2), divisions(2), teams(3), team_players(2), players(2), profile_players(2), practice_slots(1), practice_assignments(1), event_rsvps(1), locations(1), fields(1), games(2), player_registrations(2), registration_forms(1), scheduler_runs(4), registrations(1), team_summaries(1), imports(2), view_league_standings(2), view_org_metrics(1), view_compliance_stats(1)
  Γ£ô  6 [chromium] ΓÇ║ .features-gen\tests\e2e\features\Pillar1_Engine.feature.spec.js:21:3 ΓÇ║ Pillar 1 - The Engine (Scheduling & Team Generation) ΓÇ║ Practice Scheduling with Timezone Support (3.8s)
  Γ£ô  4 [chromium] ΓÇ║ .features-gen\tests\e2e\features\admin_overrides.feature.spec.js:26:3 ΓÇ║ Admin Overrides ΓÇ║ Resolving game schedule conflicts @skipped (4.3s)
  Γ£ÿ  5 [chromium] ΓÇ║ .features-gen\tests\e2e\features\Pillar1_Engine.feature.spec.js:30:3 ΓÇ║ Pillar 1 - The Engine (Scheduling & Team Generation) ΓÇ║ Game Schedule Generation (4.4s)
  Γ£ô  3 [chromium] ΓÇ║ .features-gen\tests\e2e\features\Pillar1_Engine.feature.spec.js:12:3 ΓÇ║ Pillar 1 - The Engine (Scheduling & Team Generation) ΓÇ║ Automated Team Generation (5.0s)
  Γ£ÿ  2 [chromium] ΓÇ║ .features-gen\tests\e2e\features\admin_overrides.feature.spec.js:10:3 ΓÇ║ Admin Overrides ΓÇ║ Drag-and-drop roster adjustments (15.2s)
  Γ£ÿ  1 [chromium] ΓÇ║ .features-gen\tests\e2e\features\admin_overrides.feature.spec.js:18:3 ΓÇ║ Admin Overrides ΓÇ║ Manual practice slot adjustments (18.7s)
Skipping global teardown in mock mode.


  1) [chromium] ΓÇ║ .features-gen\tests\e2e\features\admin_overrides.feature.spec.js:10:3 ΓÇ║ Admin Overrides ΓÇ║ Drag-and-drop roster adjustments ΓÇ║ Then the system should save the new player assignment 

    Error: [2mexpect([22m[31mlocator[39m[2m).[22mtoBeVisible[2m([22m[2m)[22m failed

    Locator: locator('.bg-bg-surface\\/50').filter({ hasText: 'Team B' }).first().getByText('Unknown Player')
    Expected: visible
    Timeout: 10000ms
    Error: element(s) not found

    Call log:
    [2m  - Expect "toBeVisible" with timeout 10000ms[22m
    [2m  - waiting for locator('.bg-bg-surface\\/50').filter({ hasText: 'Team B' }).first().getByText('Unknown Player')[22m


       at ..\tests\e2e\steps\scheduling_and_overrides.ts:367

      365 |   // Verify the player is now physically rendered in the Team B column
      366 |   const targetColumn = page.locator('.bg-bg-surface\\/50').filter({ hasText: 'Team B' }).first();
    > 367 |   await expect(targetColumn.getByText(playerName)).toBeVisible({ timeout: 10000 });
          |                                                    ^
      368 | });
      369 |
      370 | Then('designate the source of this assignment as {string}', async ({ page }, source: string) => {
        at Object.<anonymous> (C:\Users\joel.abraham\Downloads\SquadLogic\tests\e2e\steps\scheduling_and_overrides.ts:367:52)
        at C:\Users\joel.abraham\Downloads\SquadLogic\.features-gen\tests\e2e\features\admin_overrides.feature.spec.js:13:5

    attachment #1: screenshot (image/png) ΓöÇΓöÇΓöÇΓöÇΓöÇΓöÇΓöÇΓöÇΓöÇΓöÇΓöÇΓöÇΓöÇΓöÇΓöÇΓöÇΓöÇΓöÇΓöÇΓöÇΓöÇΓöÇΓöÇΓöÇΓöÇΓöÇΓöÇΓöÇΓöÇΓöÇΓöÇΓöÇΓöÇΓöÇΓöÇΓöÇΓöÇΓöÇΓöÇΓöÇΓöÇΓöÇΓöÇΓöÇΓöÇΓöÇΓöÇΓöÇΓöÇΓöÇΓöÇΓöÇΓöÇΓöÇΓöÇΓöÇΓöÇΓöÇ
    test-results\tests-e2e-features-admin_o-129cd-and-drop-roster-adjustments-chromium\test-failed-1.png
    ΓöÇΓöÇΓöÇΓöÇΓöÇΓöÇΓöÇΓöÇΓöÇΓöÇΓöÇΓöÇΓöÇΓöÇΓöÇΓöÇΓöÇΓöÇΓöÇΓöÇΓöÇΓöÇΓöÇΓöÇΓöÇΓöÇΓöÇΓöÇΓöÇΓöÇΓöÇΓöÇΓöÇΓöÇΓöÇΓöÇΓöÇΓöÇΓöÇΓöÇΓöÇΓöÇΓöÇΓöÇΓöÇΓöÇΓöÇΓöÇΓöÇΓöÇΓöÇΓöÇΓöÇΓöÇΓöÇΓöÇΓöÇΓöÇΓöÇΓöÇΓöÇΓöÇΓöÇΓöÇΓöÇΓöÇΓöÇΓöÇΓöÇΓöÇΓöÇΓöÇΓöÇΓöÇΓöÇΓöÇΓöÇΓöÇΓöÇΓöÇΓöÇΓöÇΓöÇΓöÇΓöÇΓöÇΓöÇΓöÇΓöÇΓöÇΓöÇΓöÇΓöÇΓöÇΓöÇΓöÇ

    Error Context: test-results\tests-e2e-features-admin_o-129cd-and-drop-roster-adjustments-chromium\error-context.md

    attachment #3: trace (application/zip) ΓöÇΓöÇΓöÇΓöÇΓöÇΓöÇΓöÇΓöÇΓöÇΓöÇΓöÇΓöÇΓöÇΓöÇΓöÇΓöÇΓöÇΓöÇΓöÇΓöÇΓöÇΓöÇΓöÇΓöÇΓöÇΓöÇΓöÇΓöÇΓöÇΓöÇΓöÇΓöÇΓöÇΓöÇΓöÇΓöÇΓöÇΓöÇΓöÇΓöÇΓöÇΓöÇΓöÇΓöÇΓöÇΓöÇΓöÇΓöÇΓöÇΓöÇΓöÇΓöÇΓöÇΓöÇΓöÇΓöÇΓöÇ
    test-results\tests-e2e-features-admin_o-129cd-and-drop-roster-adjustments-chromium\trace.zip
    Usage:

        npx playwright show-trace test-results\tests-e2e-features-admin_o-129cd-and-drop-roster-adjustments-chromium\trace.zip

    ΓöÇΓöÇΓöÇΓöÇΓöÇΓöÇΓöÇΓöÇΓöÇΓöÇΓöÇΓöÇΓöÇΓöÇΓöÇΓöÇΓöÇΓöÇΓöÇΓöÇΓöÇΓöÇΓöÇΓöÇΓöÇΓöÇΓöÇΓöÇΓöÇΓöÇΓöÇΓöÇΓöÇΓöÇΓöÇΓöÇΓöÇΓöÇΓöÇΓöÇΓöÇΓöÇΓöÇΓöÇΓöÇΓöÇΓöÇΓöÇΓöÇΓöÇΓöÇΓöÇΓöÇΓöÇΓöÇΓöÇΓöÇΓöÇΓöÇΓöÇΓöÇΓöÇΓöÇΓöÇΓöÇΓöÇΓöÇΓöÇΓöÇΓöÇΓöÇΓöÇΓöÇΓöÇΓöÇΓöÇΓöÇΓöÇΓöÇΓöÇΓöÇΓöÇΓöÇΓöÇΓöÇΓöÇΓöÇΓöÇΓöÇΓöÇΓöÇΓöÇΓöÇΓöÇΓöÇΓöÇ

  2) [chromium] ΓÇ║ .features-gen\tests\e2e\features\admin_overrides.feature.spec.js:18:3 ΓÇ║ Admin Overrides ΓÇ║ Manual practice slot adjustments ΓÇ║ And I am on the Practice Scheduling page 

    Error: [2mexpect([22m[31mlocator[39m[2m).[22mtoBeVisible[2m([22m[2m)[22m failed

    Locator: locator('table').first()
    Expected: visible
    Timeout: 15000ms
    Error: element(s) not found

    Call log:
    [2m  - Expect "toBeVisible" with timeout 15000ms[22m
    [2m  - waiting for locator('table').first()[22m


       at ..\tests\e2e\steps\scheduling_and_overrides.ts:473

      471 |   await page.goto('/schedule/practice');
      472 |   // Wait for the actual table to mount inside the PracticeAssignmentList component
    > 473 |   await expect(page.locator('table').first()).toBeVisible({ timeout: 15000 });
          |                                               ^
      474 | });
      475 |
      476 | When('I click the {string} icon on for {string}', async ({ page }, iconName: string, teamName: string) => {
        at Object.<anonymous> (C:\Users\joel.abraham\Downloads\SquadLogic\tests\e2e\steps\scheduling_and_overrides.ts:473:47)
        at C:\Users\joel.abraham\Downloads\SquadLogic\.features-gen\tests\e2e\features\admin_overrides.feature.spec.js:20:5

    attachment #1: screenshot (image/png) ΓöÇΓöÇΓöÇΓöÇΓöÇΓöÇΓöÇΓöÇΓöÇΓöÇΓöÇΓöÇΓöÇΓöÇΓöÇΓöÇΓöÇΓöÇΓöÇΓöÇΓöÇΓöÇΓöÇΓöÇΓöÇΓöÇΓöÇΓöÇΓöÇΓöÇΓöÇΓöÇΓöÇΓöÇΓöÇΓöÇΓöÇΓöÇΓöÇΓöÇΓöÇΓöÇΓöÇΓöÇΓöÇΓöÇΓöÇΓöÇΓöÇΓöÇΓöÇΓöÇΓöÇΓöÇΓöÇΓöÇΓöÇΓöÇ
    test-results\tests-e2e-features-admin_o-0f3ae-l-practice-slot-adjustments-chromium\test-failed-1.png
    ΓöÇΓöÇΓöÇΓöÇΓöÇΓöÇΓöÇΓöÇΓöÇΓöÇΓöÇΓöÇΓöÇΓöÇΓöÇΓöÇΓöÇΓöÇΓöÇΓöÇΓöÇΓöÇΓöÇΓöÇΓöÇΓöÇΓöÇΓöÇΓöÇΓöÇΓöÇΓöÇΓöÇΓöÇΓöÇΓöÇΓöÇΓöÇΓöÇΓöÇΓöÇΓöÇΓöÇΓöÇΓöÇΓöÇΓöÇΓöÇΓöÇΓöÇΓöÇΓöÇΓöÇΓöÇΓöÇΓöÇΓöÇΓöÇΓöÇΓöÇΓöÇΓöÇΓöÇΓöÇΓöÇΓöÇΓöÇΓöÇΓöÇΓöÇΓöÇΓöÇΓöÇΓöÇΓöÇΓöÇΓöÇΓöÇΓöÇΓöÇΓöÇΓöÇΓöÇΓöÇΓöÇΓöÇΓöÇΓöÇΓöÇΓöÇΓöÇΓöÇΓöÇΓöÇΓöÇΓöÇ

    Error Context: test-results\tests-e2e-features-admin_o-0f3ae-l-practice-slot-adjustments-chromium\error-context.md

    attachment #3: trace (application/zip) ΓöÇΓöÇΓöÇΓöÇΓöÇΓöÇΓöÇΓöÇΓöÇΓöÇΓöÇΓöÇΓöÇΓöÇΓöÇΓöÇΓöÇΓöÇΓöÇΓöÇΓöÇΓöÇΓöÇΓöÇΓöÇΓöÇΓöÇΓöÇΓöÇΓöÇΓöÇΓöÇΓöÇΓöÇΓöÇΓöÇΓöÇΓöÇΓöÇΓöÇΓöÇΓöÇΓöÇΓöÇΓöÇΓöÇΓöÇΓöÇΓöÇΓöÇΓöÇΓöÇΓöÇΓöÇΓöÇΓöÇΓöÇ
    test-results\tests-e2e-features-admin_o-0f3ae-l-practice-slot-adjustments-chromium\trace.zip
    Usage:

        npx playwright show-trace test-results\tests-e2e-features-admin_o-0f3ae-l-practice-slot-adjustments-chromium\trace.zip

    ΓöÇΓöÇΓöÇΓöÇΓöÇΓöÇΓöÇΓöÇΓöÇΓöÇΓöÇΓöÇΓöÇΓöÇΓöÇΓöÇΓöÇΓöÇΓöÇΓöÇΓöÇΓöÇΓöÇΓöÇΓöÇΓöÇΓöÇΓöÇΓöÇΓöÇΓöÇΓöÇΓöÇΓöÇΓöÇΓöÇΓöÇΓöÇΓöÇΓöÇΓöÇΓöÇΓöÇΓöÇΓöÇΓöÇΓöÇΓöÇΓöÇΓöÇΓöÇΓöÇΓöÇΓöÇΓöÇΓöÇΓöÇΓöÇΓöÇΓöÇΓöÇΓöÇΓöÇΓöÇΓöÇΓöÇΓöÇΓöÇΓöÇΓöÇΓöÇΓöÇΓöÇΓöÇΓöÇΓöÇΓöÇΓöÇΓöÇΓöÇΓöÇΓöÇΓöÇΓöÇΓöÇΓöÇΓöÇΓöÇΓöÇΓöÇΓöÇΓöÇΓöÇΓöÇΓöÇΓöÇ

  3) [chromium] ΓÇ║ .features-gen\tests\e2e\features\Pillar1_Engine.feature.spec.js:30:3 ΓÇ║ Pillar 1 - The Engine (Scheduling & Team Generation) ΓÇ║ Game Schedule Generation ΓÇ║ Then every team should play every other team twice 

    Error: [2mexpect([22m[31mlocator[39m[2m).[22mtoHaveText[2m([22m[32mexpected[39m[2m)[22m failed

    Locator: locator('.metric-item').filter({ hasText: 'Scheduled' }).locator('dd')
    Expected: [32m"100%"[39m
    Error: strict mode violation: locator('.metric-item').filter({ hasText: 'Scheduled' }).locator('dd') resolved to 2 elements:
        1) <dd>0%</dd> aka getByText('%')
        2) <dd></dd> aka getByRole('definition').nth(1)

    Call log:
    [2m  - Expect "toHaveText" with timeout 15000ms[22m
    [2m  - waiting for locator('.metric-item').filter({ hasText: 'Scheduled' }).locator('dd')[22m


       at ..\tests\e2e\steps\scheduling_and_overrides.ts:300

      298 |   const scheduledMetric = page.locator('.metric-item').filter({ hasText: 'Scheduled' }).locator('dd');
      299 |   // The mock data sets scheduledRate to 1.0 (100%)
    > 300 |   await expect(scheduledMetric).toHaveText('100%', { timeout: 15000 });
          |                                 ^
      301 | });
      302 |
      303 | Then('games should be assigned to the highest priority field slots first', async ({ page }) => {
        at Object.<anonymous> (C:\Users\joel.abraham\Downloads\SquadLogic\tests\e2e\steps\scheduling_and_overrides.ts:300:33)
        at C:\Users\joel.abraham\Downloads\SquadLogic\.features-gen\tests\e2e\features\Pillar1_Engine.feature.spec.js:33:5

    attachment #1: screenshot (image/png) ΓöÇΓöÇΓöÇΓöÇΓöÇΓöÇΓöÇΓöÇΓöÇΓöÇΓöÇΓöÇΓöÇΓöÇΓöÇΓöÇΓöÇΓöÇΓöÇΓöÇΓöÇΓöÇΓöÇΓöÇΓöÇΓöÇΓöÇΓöÇΓöÇΓöÇΓöÇΓöÇΓöÇΓöÇΓöÇΓöÇΓöÇΓöÇΓöÇΓöÇΓöÇΓöÇΓöÇΓöÇΓöÇΓöÇΓöÇΓöÇΓöÇΓöÇΓöÇΓöÇΓöÇΓöÇΓöÇΓöÇΓöÇΓöÇ
    test-results\tests-e2e-features-Pillar1-1250a-on-Game-Schedule-Generation-chromium\test-failed-1.png
    ΓöÇΓöÇΓöÇΓöÇΓöÇΓöÇΓöÇΓöÇΓöÇΓöÇΓöÇΓöÇΓöÇΓöÇΓöÇΓöÇΓöÇΓöÇΓöÇΓöÇΓöÇΓöÇΓöÇΓöÇΓöÇΓöÇΓöÇΓöÇΓöÇΓöÇΓöÇΓöÇΓöÇΓöÇΓöÇΓöÇΓöÇΓöÇΓöÇΓöÇΓöÇΓöÇΓöÇΓöÇΓöÇΓöÇΓöÇΓöÇΓöÇΓöÇΓöÇΓöÇΓöÇΓöÇΓöÇΓöÇΓöÇΓöÇΓöÇΓöÇΓöÇΓöÇΓöÇΓöÇΓöÇΓöÇΓöÇΓöÇΓöÇΓöÇΓöÇΓöÇΓöÇΓöÇΓöÇΓöÇΓöÇΓöÇΓöÇΓöÇΓöÇΓöÇΓöÇΓöÇΓöÇΓöÇΓöÇΓöÇΓöÇΓöÇΓöÇΓöÇΓöÇΓöÇΓöÇΓöÇ

    Error Context: test-results\tests-e2e-features-Pillar1-1250a-on-Game-Schedule-Generation-chromium\error-context.md

    attachment #3: trace (application/zip) ΓöÇΓöÇΓöÇΓöÇΓöÇΓöÇΓöÇΓöÇΓöÇΓöÇΓöÇΓöÇΓöÇΓöÇΓöÇΓöÇΓöÇΓöÇΓöÇΓöÇΓöÇΓöÇΓöÇΓöÇΓöÇΓöÇΓöÇΓöÇΓöÇΓöÇΓöÇΓöÇΓöÇΓöÇΓöÇΓöÇΓöÇΓöÇΓöÇΓöÇΓöÇΓöÇΓöÇΓöÇΓöÇΓöÇΓöÇΓöÇΓöÇΓöÇΓöÇΓöÇΓöÇΓöÇΓöÇΓöÇΓöÇ
    test-results\tests-e2e-features-Pillar1-1250a-on-Game-Schedule-Generation-chromium\trace.zip
    Usage:

        npx playwright show-trace test-results\tests-e2e-features-Pillar1-1250a-on-Game-Schedule-Generation-chromium\trace.zip

    ΓöÇΓöÇΓöÇΓöÇΓöÇΓöÇΓöÇΓöÇΓöÇΓöÇΓöÇΓöÇΓöÇΓöÇΓöÇΓöÇΓöÇΓöÇΓöÇΓöÇΓöÇΓöÇΓöÇΓöÇΓöÇΓöÇΓöÇΓöÇΓöÇΓöÇΓöÇΓöÇΓöÇΓöÇΓöÇΓöÇΓöÇΓöÇΓöÇΓöÇΓöÇΓöÇΓöÇΓöÇΓöÇΓöÇΓöÇΓöÇΓöÇΓöÇΓöÇΓöÇΓöÇΓöÇΓöÇΓöÇΓöÇΓöÇΓöÇΓöÇΓöÇΓöÇΓöÇΓöÇΓöÇΓöÇΓöÇΓöÇΓöÇΓöÇΓöÇΓöÇΓöÇΓöÇΓöÇΓöÇΓöÇΓöÇΓöÇΓöÇΓöÇΓöÇΓöÇΓöÇΓöÇΓöÇΓöÇΓöÇΓöÇΓöÇΓöÇΓöÇΓöÇΓöÇΓöÇΓöÇ

  3 failed
    [chromium] ΓÇ║ .features-gen\tests\e2e\features\admin_overrides.feature.spec.js:10:3 ΓÇ║ Admin Overrides ΓÇ║ Drag-and-drop roster adjustments 
    [chromium] ΓÇ║ .features-gen\tests\e2e\features\admin_overrides.feature.spec.js:18:3 ΓÇ║ Admin Overrides ΓÇ║ Manual practice slot adjustments 
    [chromium] ΓÇ║ .features-gen\tests\e2e\features\Pillar1_Engine.feature.spec.js:30:3 ΓÇ║ Pillar 1 - The Engine (Scheduling & Team Generation) ΓÇ║ Game Schedule Generation 
  3 passed (25.4s)
